
Memory Configuration

Name             Origin             Length             Attributes
flash            0x00000000         0x20000000         xr
sram             0x20000000         0x20000000         xrw
*default*        0x00000000         0xffffffff

Linker script and memory map


.text           0x00000000      0x130
 *(.vectors*)
 .vectors       0x00000000       0x10 startup.o
                0x00000000                g_p_fn_Vectors
 *(.text*)
 .text          0x00000010       0x94 startup.o
                0x00000010                NMI_handler
                0x00000010                Default_handler
                0x00000010                H_Fault_handler
                0x0000001c                Reset_handler
 .text          0x000000a4       0x8c main.o
                0x000000a4                main
 *(.rodata)
                0x00000130                        _E_text = .

.glue_7         0x00000130        0x0
 .glue_7        0x00000130        0x0 linker stubs

.glue_7t        0x00000130        0x0
 .glue_7t       0x00000130        0x0 linker stubs

.vfp11_veneer   0x00000130        0x0
 .vfp11_veneer  0x00000130        0x0 linker stubs

.v4_bx          0x00000130        0x0
 .v4_bx         0x00000130        0x0 linker stubs

.iplt           0x00000130        0x0
 .iplt          0x00000130        0x0 startup.o

.rel.dyn        0x00000130        0x0
 .rel.iplt      0x00000130        0x0 startup.o

.data           0x20000000        0x0 load address 0x00000130
                0x20000000                        _S_DATA = .
 *(.vectors)
                0x20000000                        . = ALIGN (0x4)
                0x20000000                        _E_DATA = .
 .data          0x20000000        0x0 startup.o
 .data          0x20000000        0x0 main.o

.igot.plt       0x20000000        0x0 load address 0x00000130
 .igot.plt      0x20000000        0x0 startup.o

.bss            0x20000000      0x400 load address 0x00000130
                0x20000000                        . = ALIGN (0x4)
                0x20000000                        _S_bss = .
 *(.bss)
 .bss           0x20000000      0x400 startup.o
 .bss           0x20000400        0x0 main.o
                0x20000400                        _E_bss = .
LOAD startup.o
LOAD main.o
OUTPUT(Unit3_lab4_cortexM4.elf elf32-littlearm)
LOAD linker stubs

.debug_info     0x00000000      0x23a
 .debug_info    0x00000000      0x1c7 startup.o
 .debug_info    0x000001c7       0x73 main.o

.debug_abbrev   0x00000000      0x16f
 .debug_abbrev  0x00000000      0x102 startup.o
 .debug_abbrev  0x00000102       0x6d main.o

.debug_loc      0x00000000       0xb4
 .debug_loc     0x00000000       0x7c startup.o
 .debug_loc     0x0000007c       0x38 main.o

.debug_aranges  0x00000000       0x40
 .debug_aranges
                0x00000000       0x20 startup.o
 .debug_aranges
                0x00000020       0x20 main.o

.debug_line     0x00000000      0x142
 .debug_line    0x00000000       0xad startup.o
 .debug_line    0x000000ad       0x95 main.o

.debug_str      0x00000000      0x160
 .debug_str     0x00000000      0x147 startup.o
                                0x17b (size before relaxing)
 .debug_str     0x00000147       0x19 main.o
                                 0x9c (size before relaxing)

.comment        0x00000000       0x45
 .comment       0x00000000       0x45 startup.o
                                 0x46 (size before relaxing)
 .comment       0x00000045       0x46 main.o

.ARM.attributes
                0x00000000       0x2e
 .ARM.attributes
                0x00000000       0x2e startup.o
 .ARM.attributes
                0x0000002e       0x2e main.o

.debug_frame    0x00000000       0x7c
 .debug_frame   0x00000000       0x50 startup.o
 .debug_frame   0x00000050       0x2c main.o
