
Memory Configuration

Name             Origin             Length             Attributes
flash            0x08000000         0x00020000         xr
sram             0x20000000         0x00005000         xrw
*default*        0x00000000         0xffffffff

Linker script and memory map


.text           0x08000000      0x143
 *(.vectors*)
 .vectors       0x08000000       0x1c startup.o
                0x08000000                vectors
 *(.text*)
 .text          0x0800001c       0x94 startup.o
                0x0800001c                H_Fault_handler
                0x0800001c                NMI_handler
                0x0800001c                Default_handler
                0x0800001c                MM_Fault_handler
                0x0800001c                Usage_Fault_handler
                0x0800001c                Bus_Fault_handler
                0x08000028                Reset_handler
 .text          0x080000b0       0x90 main.o
                0x080000b0                main
 *(.rodata)
 .rodata        0x08000140        0x3 main.o
                0x08000140                const_variables
                0x08000143                        _E_text = .

.glue_7         0x08000144        0x0
 .glue_7        0x08000144        0x0 linker stubs

.glue_7t        0x08000144        0x0
 .glue_7t       0x08000144        0x0 linker stubs

.vfp11_veneer   0x08000144        0x0
 .vfp11_veneer  0x08000144        0x0 linker stubs

.v4_bx          0x08000144        0x0
 .v4_bx         0x08000144        0x0 linker stubs

.iplt           0x08000144        0x0
 .iplt          0x08000144        0x0 startup.o

.rel.dyn        0x08000144        0x0
 .rel.iplt      0x08000144        0x0 startup.o

.data           0x20000000        0x7 load address 0x08000143
                0x20000000                        _S_DATA = .
 *(.vectors)
                0x20000000                        . = ALIGN (0x4)
                0x20000000                        _E_DATA = .
 .data          0x20000000        0x0 startup.o
 .data          0x20000000        0x7 main.o
                0x20000000                R_ODR
                0x20000004                g_variables

.igot.plt       0x20000008        0x0 load address 0x0800014a
 .igot.plt      0x20000008        0x0 startup.o

.bss            0x20000008     0x1004 load address 0x0800014a
                0x20000008                        . = ALIGN (0x4)
                0x20000008                        _S_bss = .
 *(.bss)
 .bss           0x20000008        0x0 startup.o
 .bss           0x20000008        0x4 main.o
                0x20000008                i
                0x2000000c                        _E_bss = .
                0x2000000c                        . = ALIGN (0x4)
                0x2000100c                        . = (. + 0x1000)
 *fill*         0x2000000c     0x1000 
                0x2000100c                        _Stack_top = .
LOAD startup.o
LOAD main.o
OUTPUT(learn-in-depth-cortex_m3.elf elf32-littlearm)
LOAD linker stubs

.debug_info     0x00000000      0x32c
 .debug_info    0x00000000      0x1b4 startup.o
 .debug_info    0x000001b4      0x178 main.o

.debug_abbrev   0x00000000      0x1f5
 .debug_abbrev  0x00000000       0xfe startup.o
 .debug_abbrev  0x000000fe       0xf7 main.o

.debug_loc      0x00000000       0xa8
 .debug_loc     0x00000000       0x7c startup.o
 .debug_loc     0x0000007c       0x2c main.o

.debug_aranges  0x00000000       0x40
 .debug_aranges
                0x00000000       0x20 startup.o
 .debug_aranges
                0x00000020       0x20 main.o

.debug_line     0x00000000      0x207
 .debug_line    0x00000000      0x186 startup.o
 .debug_line    0x00000186       0x81 main.o

.debug_str      0x00000000      0x19c
 .debug_str     0x00000000      0x148 startup.o
                                0x185 (size before relaxing)
 .debug_str     0x00000148       0x54 main.o
                                0x145 (size before relaxing)

.comment        0x00000000       0x45
 .comment       0x00000000       0x45 startup.o
                                 0x46 (size before relaxing)
 .comment       0x00000045       0x46 main.o

.ARM.attributes
                0x00000000       0x2d
 .ARM.attributes
                0x00000000       0x2d startup.o
 .ARM.attributes
                0x0000002d       0x2d main.o

.debug_frame    0x00000000       0x78
 .debug_frame   0x00000000       0x50 startup.o
 .debug_frame   0x00000050       0x28 main.o
